
> mast-astro@0.1.0 dev
> astro dev

11:27:37 [vite] connected.
11:27:38 [types] Generated 0ms
11:27:38 [vite] connected.
11:27:38 [content] Syncing content
11:27:38 [content] Synced content
 astro  v7.2.4 ready in 919 ms
┃ Local    http://localhost:4321/
┃ Network  use --host to expose
11:27:38 watching for file changes...
11:27:38 [200] / 22ms
11:27:39 [200] / 8ms
11:27:39 [200] / 5ms
11:27:39 [200] / 2ms
11:31:00 [200] / 30ms
11:32:53 [200] / 9ms
11:38:15 [200] / 35ms
11:38:16 [200] / 3ms
11:39:07 [200] / 36ms
